[    0.000000] Linux version 4.15.0-208-generic (buildd@lcy02-amd64-015) (gcc version 7.5.0 (Ubuntu 7.5.0-3ubuntu1~18.04)) #220-Ubuntu SMP Mon Mar 20 14:27:01 UTC 2023 (Ubuntu 4.15.0-208.220-generic 4.15.18)
[    0.000000] Command line: BOOT_IMAGE=/boot/vmlinuz-4.15.0-208-generic root=LABEL=cloudimg-rootfs ro console=tty1 console=ttyS0
[    0.000000] KERNEL supported cpus:
[    0.000000]   Intel GenuineIntel
[    0.000000]   AMD AuthenticAMD
[    0.000000]   Centaur CentaurHauls
[    0.000000] x86/fpu: x87 FPU will use FXSAVE
[    0.000000] e820: BIOS-provided physical RAM map:
[    0.000000] BIOS-e820: [mem 0x0000000000000000-0x000000000009fbff] usable
[    0.000000] BIOS-e820: [mem 0x000000000009fc00-0x000000000009ffff] reserved
[    0.000000] BIOS-e820: [mem 0x00000000000f0000-0x00000000000fffff] reserved
[    0.000000] BIOS-e820: [mem 0x0000000000100000-0x000000003ffeffff] usable
[    0.000000] BIOS-e820: [mem 0x000000003fff0000-0x000000003fffffff] ACPI data
[    0.000000] BIOS-e820: [mem 0x00000000fec00000-0x00000000fec00fff] reserved
[    0.000000] BIOS-e820: [mem 0x00000000fee00000-0x00000000fee00fff] reserved
[    0.000000] BIOS-e820: [mem 0x00000000fffc0000-0x00000000ffffffff] reserved
[    0.000000] NX (Execute Disable) protection: active
[    0.000000] SMBIOS 2.5 present.
[    0.000000] DMI: innotek GmbH VirtualBox/VirtualBox, BIOS VirtualBox 12/01/2006
[    0.000000] Hypervisor detected: KVM
[    0.000000] e820: last_pfn = 0x3fff0 max_arch_pfn = 0x400000000
[    0.000000] MTRR: Disabled
[    0.000000] x86/PAT: MTRRs disabled, skipping PAT initialization too.
[    0.000000] CPU MTRRs all blank - virtualized system.
[    0.000000] x86/PAT: Configuration [0-7]: WB  WT  UC- UC  WB  WT  UC- UC  
[    0.000000] found SMP MP-table at [mem 0x0009fff0-0x0009ffff]
[    0.000000] Scanning 1 areas for low memory corruption
[    0.000000] RAMDISK: [mem 0x359c9000-0x36cdbfff]
[    0.000000] ACPI: Early table checksum verification disabled
[    0.000000] ACPI: RSDP 0x00000000000E0000 000024 (v02 VBOX  )
[    0.000000] ACPI: XSDT 0x000000003FFF0030 00003C (v01 VBOX   VBOXXSDT 00000001 ASL  00000061)
[    0.000000] ACPI: FACP 0x000000003FFF00F0 0000F4 (v04 VBOX   VBOXFACP 00000001 ASL  00000061)
[    0.000000] ACPI: DSDT 0x000000003FFF0610 002353 (v02 VBOX   VBOXBIOS 00000002 INTL 20100528)
[    0.000000] ACPI: FACS 0x000000003FFF0200 000040
[    0.000000] ACPI: FACS 0x000000003FFF0200 000040
[    0.000000] ACPI: APIC 0x000000003FFF0240 00005C (v02 VBOX   VBOXAPIC 00000001 ASL  00000061)
[    0.000000] ACPI: SSDT 0x000000003FFF02A0 00036C (v01 VBOX   VBOXCPUT 00000002 INTL 20100528)
[    0.000000] ACPI: Reserving FACP table memory at [mem 0x3fff00f0-0x3fff01e3]
[    0.000000] ACPI: Reserving DSDT table memory at [mem 0x3fff0610-0x3fff2962]
[    0.000000] ACPI: Reserving FACS table memory at [mem 0x3fff0200-0x3fff023f]
[    0.000000] ACPI: Reserving FACS table memory at [mem 0x3fff0200-0x3fff023f]
[    0.000000] ACPI: Reserving APIC table memory at [mem 0x3fff0240-0x3fff029b]
[    0.000000] ACPI: Reserving SSDT table memory at [mem 0x3fff02a0-0x3fff060b]
[    0.000000] No NUMA configuration found
[    0.000000] Faking a node at [mem 0x0000000000000000-0x000000003ffeffff]
[    0.000000] NODE_DATA(0) allocated [mem 0x3ffc5000-0x3ffeffff]
[    0.000000] kvm-clock: cpu 0, msr 0:3ff44001, primary cpu clock
[    0.000000] kvm-clock: Using msrs 4b564d01 and 4b564d00
[    0.000000] kvm-clock: using sched offset of 3341567159 cycles
[    0.000000] clocksource: kvm-clock: mask: 0xffffffffffffffff max_cycles: 0x1cd42e4dffb, max_idle_ns: 881590591483 ns
[    0.000000] Zone ranges:
[    0.000000]   DMA      [mem 0x0000000000001000-0x0000000000ffffff]
[    0.000000]   DMA32    [mem 0x0000000001000000-0x000000003ffeffff]
[    0.000000]   Normal   empty
[    0.000000]   Device   empty
[    0.000000] Movable zone start for each node
[    0.000000] Early memory node ranges
[    0.000000]   node   0: [mem 0x0000000000001000-0x000000000009efff]
[    0.000000]   node   0: [mem 0x0000000000100000-0x000000003ffeffff]
[    0.000000] Reserved but unavailable: 104 pages
[    0.000000] Initmem setup node 0 [mem 0x0000000000001000-0x000000003ffeffff]
[    0.000000] ACPI: PM-Timer IO Port: 0x4008
[    0.000000] IOAPIC[0]: apic_id 2, version 32, address 0xfec00000, GSI 0-23
[    0.000000] ACPI: INT_SRC_OVR (bus 0 bus_irq 0 global_irq 2 dfl dfl)
[    0.000000] ACPI: INT_SRC_OVR (bus 0 bus_irq 9 global_irq 9 low level)
[    0.000000] Using ACPI (MADT) for SMP configuration information
[    0.000000] smpboot: Allowing 2 CPUs, 0 hotplug CPUs
[    0.000000] PM: Registered nosave memory: [mem 0x00000000-0x00000fff]
[    0.000000] PM: Registered nosave memory: [mem 0x0009f000-0x0009ffff]
[    0.000000] PM: Registered nosave memory: [mem 0x000a0000-0x000effff]
[    0.000000] PM: Registered nosave memory: [mem 0x000f0000-0x000fffff]
[    0.000000] e820: [mem 0x40000000-0xfebfffff] available for PCI devices
[    0.000000] Booting paravirtualized kernel on KVM
[    0.000000] clocksource: refined-jiffies: mask: 0xffffffff max_cycles: 0xffffffff, max_idle_ns: 7645519600211568 ns
[    0.000000] setup_percpu: NR_CPUS:8192 nr_cpumask_bits:2 nr_cpu_ids:2 nr_node_ids:1
[    0.000000] percpu: Embedded 50 pages/cpu s167936 r8192 d28672 u1048576
[    0.000000] PV qspinlock hash table entries: 256 (order: 0, 4096 bytes)
[    0.000000] Built 1 zonelists, mobility grouping on.  Total pages: 257913
[    0.000000] Policy zone: DMA32
[    0.000000] Kernel command line: BOOT_IMAGE=/boot/vmlinuz-4.15.0-208-generic root=LABEL=cloudimg-rootfs ro console=tty1 console=ttyS0
[    0.000000] Memory: 982640K/1048120K available (12300K kernel code, 2477K rwdata, 4324K rodata, 2480K init, 2720K bss, 65480K reserved, 0K cma-reserved)
[    0.000000] SLUB: HWalign=64, Order=0-3, MinObjects=0, CPUs=2, Nodes=1
[    0.000000] ftrace: allocating 39494 entries in 155 pages
[    0.004000] Hierarchical RCU implementation.
[    0.004000] 	RCU restricting CPUs from NR_CPUS=8192 to nr_cpu_ids=2.
[    0.004000] 	Tasks RCU enabled.
[    0.004000] RCU: Adjusting geometry for rcu_fanout_leaf=16, nr_cpu_ids=2
[    0.004000] NR_IRQS: 524544, nr_irqs: 440, preallocated irqs: 16
[    0.004000] random: crng init done
[    0.004000] Console: colour VGA+ 80x25
[    0.004000] console [tty1] enabled
[    0.004000] console [ttyS0] enabled
[    0.004000] ACPI: Core revision 20170831
[    0.004000] ACPI: 2 ACPI AML tables successfully acquired and loaded
[    0.004000] APIC: Switch to symmetric I/O mode setup
[    0.004000] ..TIMER: vector=0x30 apic1=0 pin1=2 apic2=-1 pin2=-1
[    0.004000] tsc: Detected 2303.998 MHz processor
[    0.004000] Calibrating delay loop (skipped) preset value.. 4607.99 BogoMIPS (lpj=9215992)
[    0.004000] pid_max: default: 32768 minimum: 301
[    0.004000] Security Framework initialized
[    0.004000] Yama: becoming mindful.
[    0.004000] AppArmor: AppArmor initialized
[    0.009885] Dentry cache hash table entries: 131072 (order: 8, 1048576 bytes)
[    0.013143] Inode-cache hash table entries: 65536 (order: 7, 524288 bytes)
[    0.016044] Mount-cache hash table entries: 2048 (order: 2, 16384 bytes)
[    0.020045] Mountpoint-cache hash table entries: 2048 (order: 2, 16384 bytes)
[    0.028384] Last level iTLB entries: 4KB 0, 2MB 0, 4MB 0
[    0.031270] Last level dTLB entries: 4KB 0, 2MB 0, 4MB 0, 1GB 0
[    0.032003] Spectre V1 : Mitigation: usercopy/swapgs barriers and __user pointer sanitization
[    0.036003] Spectre V2 : Mitigation: Enhanced IBRS
[    0.040001] Spectre V2 : Spectre v2 / SpectreRSB mitigation: Filling RSB on context switch
[    0.044002] Spectre V2 : Spectre v2 / PBRSB-eIBRS: Retire a single CALL on VMEXIT
[    0.048002] RETBleed: Mitigation: Enhanced IBRS
[    0.052002] Speculative Store Bypass: Vulnerable
[    0.056136] Freeing SMP alternatives memory: 36K
[    0.188003] APIC calibration not consistent with PM-Timer: 112ms instead of 100ms
[    0.192000] APIC delta adjusted to PM-Timer: 6455887 (7234751)
[    0.192255] smpboot: CPU0: 11th Gen Intel(R) Core(TM) i7-11800H @ 2.30GHz (family: 0x6, model: 0x8d, stepping: 0x1)
[    0.196000] Performance Events: unsupported p6 CPU model 141 no PMU driver, software events only.
[    0.196000] Hierarchical SRCU implementation.
[    0.196000] NMI watchdog: Perf event create on CPU 0 failed with -2
[    0.196000] NMI watchdog: Perf NMI watchdog permanently disabled
[    0.196000] smp: Bringing up secondary CPUs ...
[    0.196000] x86: Booting SMP configuration:
[    0.196000] .... node  #0, CPUs:      #1
[    0.004000] kvm-clock: cpu 1, msr 0:3ff44041, secondary cpu clock
[    0.203566] TSC synchronization [CPU#0 -> CPU#1]:
[    0.204000] Measured 44825 cycles TSC warp between CPUs, turning off TSC clock.
[    0.204000] tsc: Marking TSC unstable due to check_tsc_sync_source failed
[    0.208171] smp: Brought up 1 node, 2 CPUs
[    0.210142] smpboot: Max logical packages: 1
[    0.212004] smpboot: Total of 2 processors activated (9215.99 BogoMIPS)
[    0.220046] devtmpfs: initialized
[    0.221882] x86/mm: Memory block size: 128MB
[    0.224255] evm: security.selinux
[    0.225989] evm: security.SMACK64
[    0.228002] evm: security.SMACK64EXEC
[    0.229999] evm: security.SMACK64TRANSMUTE
[    0.232001] evm: security.SMACK64MMAP
[    0.234008] evm: security.apparmor
[    0.236001] evm: security.ima
[    0.240001] evm: security.capability
[    0.242027] clocksource: jiffies: mask: 0xffffffff max_cycles: 0xffffffff, max_idle_ns: 7645041785100000 ns
[    0.244111] futex hash table entries: 512 (order: 3, 32768 bytes)
[    0.248043] pinctrl core: initialized pinctrl subsystem
[    0.251023] RTC time: 10:53:56, date: 04/13/23
[    0.252676] NET: Registered protocol family 16
[    0.256046] audit: initializing netlink subsys (disabled)
[    0.258885] audit: type=2000 audit(1681383241.381:1): state=initialized audit_enabled=0 res=1
[    0.264005] cpuidle: using governor ladder
[    0.268005] cpuidle: using governor menu
[    0.270109] ACPI: bus type PCI registered
[    0.272003] acpiphp: ACPI Hot Plug PCI Controller Driver version: 0.5
[    0.276323] PCI: Using configuration type 1 for base access
[    0.284254] HugeTLB registered 2.00 MiB page size, pre-allocated 0 pages
[    0.288275] ACPI: Added _OSI(Module Device)
[    0.292007] ACPI: Added _OSI(Processor Device)
[    0.296001] ACPI: Added _OSI(3.0 _SCP Extensions)
[    0.298442] ACPI: Added _OSI(Processor Aggregator Device)
[    0.300002] ACPI: Added _OSI(Linux-Dell-Video)
[    0.304002] ACPI: Added _OSI(Linux-Lenovo-NV-HDMI-Audio)
[    0.308003] ACPI: Added _OSI(Linux-HPI-Hybrid-Graphics)
[    0.312102] ACPI: Executed 1 blocks of module-level executable AML code
[    0.318400] ACPI: Interpreter enabled
[    0.320002] ACPI: (supports S0 S5)
[    0.321884] ACPI: Using IOAPIC for interrupt routing
[    0.324261] PCI: Using host bridge windows from ACPI; if necessary, use "pci=nocrs" and report a bug
[    0.328226] ACPI: Enabled 2 GPEs in block 00 to 07
[    0.339325] ACPI: PCI Root Bridge [PCI0] (domain 0000 [bus 00-ff])
[    0.340007] acpi PNP0A03:00: _OSC: OS supports [ASPM ClockPM Segments MSI]
[    0.344504] acpi PNP0A03:00: _OSC: not requesting OS control; OS requires [ExtendedConfig ASPM ClockPM MSI]
[    0.348009] acpi PNP0A03:00: fail to add MMCONFIG information, can't access extended PCI configuration space under this bridge.
[    0.352551] PCI host bridge to bus 0000:00
[    0.356003] pci_bus 0000:00: root bus resource [io  0x0000-0x0cf7 window]
[    0.360002] pci_bus 0000:00: root bus resource [io  0x0d00-0xffff window]
[    0.364002] pci_bus 0000:00: root bus resource [mem 0x000a0000-0x000bffff window]
[    0.368002] pci_bus 0000:00: root bus resource [mem 0x40000000-0xfdffffff window]
[    0.372002] pci_bus 0000:00: root bus resource [bus 00-ff]
[    0.380448] pci 0000:00:01.1: legacy IDE quirk: reg 0x10: [io  0x01f0-0x01f7]
[    0.384002] pci 0000:00:01.1: legacy IDE quirk: reg 0x14: [io  0x03f6]
[    0.388002] pci 0000:00:01.1: legacy IDE quirk: reg 0x18: [io  0x0170-0x0177]
[    0.392002] pci 0000:00:01.1: legacy IDE quirk: reg 0x1c: [io  0x0376]
[    0.410222] pci 0000:00:07.0: quirk: [io  0x4000-0x403f] claimed by PIIX4 ACPI
[    0.412025] pci 0000:00:07.0: quirk: [io  0x4100-0x410f] claimed by PIIX4 SMB
[    0.428713] ACPI: PCI Interrupt Link [LNKA] (IRQs 5 9 10 *11)
[    0.432329] ACPI: PCI Interrupt Link [LNKB] (IRQs 5 9 *10 11)
[    0.435345] ACPI: PCI Interrupt Link [LNKC] (IRQs 5 *9 10 11)
[    0.436153] ACPI: PCI Interrupt Link [LNKD] (IRQs 5 9 10 *11)
[    0.440527] SCSI subsystem initialized
[    0.444127] pci 0000:00:02.0: vgaarb: setting as boot VGA device
[    0.447153] pci 0000:00:02.0: vgaarb: VGA device added: decodes=io+mem,owns=io+mem,locks=none
[    0.448004] pci 0000:00:02.0: vgaarb: bridge control possible
[    0.451014] vgaarb: loaded
[    0.452034] ACPI: bus type USB registered
[    0.454212] usbcore: registered new interface driver usbfs
[    0.456007] usbcore: registered new interface driver hub
[    0.460017] usbcore: registered new device driver usb
[    0.464124] EDAC MC: Ver: 3.0.0
[    0.468303] PCI: Using ACPI for IRQ routing
[    0.472094] NetLabel: Initializing
[    0.473889] NetLabel:  domain hash size = 128
[    0.476001] NetLabel:  protocols = UNLABELED CIPSOv4 CALIPSO
[    0.479017] NetLabel:  unlabeled traffic allowed by default
[    0.480196] clocksource: Switched to clocksource kvm-clock
[    0.499507] VFS: Disk quotas dquot_6.6.0
[    0.499507] VFS: Dquot-cache hash table entries: 512 (order 0, 4096 bytes)
[    0.499507] AppArmor: AppArmor Filesystem Enabled
[    0.499507] pnp: PnP ACPI init
[    0.499507] pnp: PnP ACPI: found 3 devices
[    0.547488] clocksource: acpi_pm: mask: 0xffffff max_cycles: 0xffffff, max_idle_ns: 2085701024 ns
[    0.548388] NET: Registered protocol family 2
[    0.548388] IP idents hash table entries: 16384 (order: 5, 131072 bytes)
[    0.558946] TCP established hash table entries: 8192 (order: 4, 65536 bytes)
[    0.563262] TCP bind hash table entries: 8192 (order: 5, 131072 bytes)
[    0.567109] TCP: Hash tables configured (established 8192 bind 8192)
[    0.570792] UDP hash table entries: 512 (order: 2, 16384 bytes)
[    0.570792] UDP-Lite hash table entries: 512 (order: 2, 16384 bytes)
[    0.570792] NET: Registered protocol family 1
[    0.570792] pci 0000:00:00.0: Limiting direct PCI/PCI transfers
[    0.570792] pci 0000:00:01.0: Activating ISA DMA hang workarounds
[    0.570792] pci 0000:00:02.0: Video device with shadowed ROM at [mem 0x000c0000-0x000dffff]
[    0.570792] Unpacking initramfs...
[    0.570792] Freeing initrd memory: 19532K
[    0.570792] clocksource: tsc: mask: 0xffffffffffffffff max_cycles: 0x2135f5e6f15, max_idle_ns: 440795231538 ns
[    0.570792] platform rtc_cmos: registered platform RTC device (no PNP device found)
[    0.570792] Scanning for low memory corruption every 60 seconds
[    0.908466] Initialise system trusted keyrings
[    0.910936] Key type blacklist registered
[    0.913501] workingset: timestamp_bits=36 max_order=18 bucket_order=0
[    0.918050] zbud: loaded
[    0.919878] squashfs: version 4.0 (2009/01/31) Phillip Lougher
[    0.923491] fuse init (API version 7.26)
[    0.945421] Key type asymmetric registered
[    0.947545] Asymmetric key parser 'x509' registered
[    0.950201] Block layer SCSI generic (bsg) driver version 0.4 loaded (major 246)
[    0.954527] io scheduler noop registered
[    0.956551] io scheduler deadline registered
[    0.959206] io scheduler cfq registered (default)
[    0.962130] ACPI: AC Adapter [AC] (on-line)
[    0.964547] input: Power Button as /devices/LNXSYSTM:00/LNXPWRBN:00/input/input0
[    0.969042] ACPI: Power Button [PWRF]
[    0.971186] input: Sleep Button as /devices/LNXSYSTM:00/LNXSLPBN:00/input/input1
[    0.975329] ACPI: Sleep Button [SLPF]
[    0.980347] ACPI: Battery Slot [BAT0] (battery present)
[    0.983529] Serial: 8250/16550 driver, 32 ports, IRQ sharing enabled
[    1.010877] 00:2: ttyS0 at I/O 0x3f8 (irq = 4, base_baud = 115200) is a 16550A
[    1.025313] Linux agpgart interface v0.103
[    1.032963] loop: module loaded
[    1.036590] scsi host0: ata_piix
[    1.038978] scsi host1: ata_piix
[    1.040821] ata1: PATA max UDMA/33 cmd 0x1f0 ctl 0x3f6 bmdma 0xd000 irq 14
[    1.044288] ata2: PATA max UDMA/33 cmd 0x170 ctl 0x376 bmdma 0xd008 irq 15
[    1.048201] tun: Universal TUN/TAP device driver, 1.6
[    1.051227] PPP generic driver version 2.4.2
[    1.053704] ehci_hcd: USB 2.0 'Enhanced' Host Controller (EHCI) Driver
[    1.057262] ehci-pci: EHCI PCI platform driver
[    1.059573] ehci-platform: EHCI generic platform driver
[    1.062394] ohci_hcd: USB 1.1 'Open' Host Controller (OHCI) Driver
[    1.065677] ohci-pci: OHCI PCI platform driver
[    1.068042] ohci-platform: OHCI generic platform driver
[    1.069654] uhci_hcd: USB Universal Host Controller Interface driver
[    1.074198] i8042: PNP: PS/2 Controller [PNP0303:PS2K,PNP0f03:PS2M] at 0x60,0x64 irq 1,12
[    1.080570] serio: i8042 KBD port at 0x60,0x64 irq 1
[    1.082688] serio: i8042 AUX port at 0x60,0x64 irq 12
[    1.086376] mousedev: PS/2 mouse device common for all mice
[    1.091647] rtc_cmos rtc_cmos: rtc core: registered rtc_cmos as rtc0
[    1.095924] input: AT Translated Set 2 keyboard as /devices/platform/i8042/serio0/input/input2
[    1.096639] rtc_cmos rtc_cmos: alarms up to one day, 114 bytes nvram
[    1.104801] i2c /dev entries driver
[    1.107257] device-mapper: uevent: version 1.0.3
[    1.110143] device-mapper: ioctl: 4.37.0-ioctl (2017-09-20) initialised: dm-devel@redhat.com
[    1.115194] ledtrig-cpu: registered to indicate activity on CPUs
[    1.120442] NET: Registered protocol family 10
[    1.128756] Segment Routing with IPv6
[    1.130965] NET: Registered protocol family 17
[    1.133995] Key type dns_resolver registered
[    1.136848] mce: Using 0 MCE banks
[    1.139033] RAS: Correctable Errors collector initialized.
[    1.142288] sched_clock: Marking stable (1142256774, 0)->(1550886999, -408630225)
[    1.148665] registered taskstats version 1
[    1.151236] Loading compiled-in X.509 certificates
[    1.157277] Loaded X.509 cert 'Build time autogenerated kernel key: 05d3fa630a0ed8a65520e390196b077fd5e65720'
[    1.163144] Loaded X.509 cert 'Canonical Ltd. Live Patch Signing: 14df34d1a87cf37625abec039ef2bf521249b969'
[    1.169021] Loaded X.509 cert 'Canonical Ltd. Kernel Module Signing: 88f752e560a1e0737e31163a466ad7b70a850c19'
[    1.174487] blacklist: Loading compiled-in revocation X.509 certificates
[    1.178273] Loaded X.509 cert 'Canonical Ltd. Secure Boot Signing: 61482aa2830d0ab2ad5af10b7250da9033ddcef0'
[    1.183835] Loaded X.509 cert 'Canonical Ltd. Secure Boot Signing (2017): 242ade75ac4a15e50d50c84b0d45ff3eae707a03'
[    1.189826] Loaded X.509 cert 'Canonical Ltd. Secure Boot Signing (ESM 2018): 365188c1d374d6b07c3c8f240f8ef722433d6a8b'
[    1.195798] Loaded X.509 cert 'Canonical Ltd. Secure Boot Signing (2019): c0746fd6c5da3ae827864651ad66ae47fe24b3e8'
[    1.201664] Loaded X.509 cert 'Canonical Ltd. Secure Boot Signing (2021 v1): a8d54bbb3825cfb94fa13c9f8a594a195c107b8d'
[    1.207590] Loaded X.509 cert 'Canonical Ltd. Secure Boot Signing (2021 v2): 4cf046892d6fd3c9a5b03f98d845f90851dc6a8c'
[    1.224285] Loaded X.509 cert 'Canonical Ltd. Secure Boot Signing (2021 v3): 100437bb6de6e469b581e61cd66bce3ef4ed53af'
[    1.229937] Loaded X.509 cert 'Canonical Ltd. Secure Boot Signing (Ubuntu Core 2019): c1d57b8f6b743f23ee41f4f7ee292f06eecadfb9'
[    1.236721] zswap: loaded using pool lzo/zbud
[    1.264517] Key type big_key registered
[    1.266884] Key type trusted registered
[    1.271274] Key type encrypted registered
[    1.273795] AppArmor: AppArmor sha1 policy hashing enabled
[    1.277308] ima: No TPM chip found, activating TPM-bypass! (rc=-19)
[    1.281272] ima: Allocated hash algorithm: sha1
[    1.284118] evm: HMAC attrs: 0x1
[    1.286817]   Magic number: 3:363:881
[    1.289610] rtc_cmos rtc_cmos: setting system clock to 2023-04-13 10:53:58 UTC (1681383238)
[    1.294707] BIOS EDD facility v0.16 2004-Jun-25, 0 devices found
[    1.298187] EDD information not available.
[    1.302916] Freeing unused kernel image memory: 2480K
[    1.320750] Write protecting the kernel read-only data: 20480k
[    1.324909] Freeing unused kernel image memory: 2008K
[    1.328164] Freeing unused kernel image memory: 1820K
[    1.334183] x86/mm: Checked W+X mappings: passed, no W+X pages found.
Loading, please wait...
starting version 237
[    1.386954] e1000: Intel(R) PRO/1000 Network Driver - version 7.3.21-k8-NAPI
[    1.391182] e1000: Copyright (c) 1999-2006 Intel Corporation.
[    1.401120] Fusion MPT base driver 3.04.20
[    1.403439] Copyright (c) 1999-2008 LSI Corporation
[    1.429214] Fusion MPT SPI Host driver 3.04.20
[    1.433849] SSE version of gcm_enc/dec engaged.
[    1.666392] input: ImExPS/2 Generic Explorer Mouse as /devices/platform/i8042/serio1/input/input4
[    1.957598] e1000 0000:00:03.0 eth0: (PCI:33MHz:32-bit) 02:c6:32:08:e7:11
[    1.961335] e1000 0000:00:03.0 eth0: Intel(R) PRO/1000 Network Connection
[    1.966418] mptbase: ioc0: Initiating bringup
[    2.217693] ioc0: LSI53C1030 A0: Capabilities={Initiator}
[    3.360237] scsi host2: ioc0: LSI53C1030 A0, FwRev=00000000h, Ports=1, MaxQ=256, IRQ=20
[    3.600826] scsi 2:0:0:0: Direct-Access     VBOX     HARDDISK         1.0  PQ: 0 ANSI: 5
[    3.643010] scsi target2:0:0: Beginning Domain Validation
[    3.713383] scsi target2:0:0: Domain Validation skipping write tests
[    3.717470] scsi target2:0:0: Ending Domain Validation
[    3.720655] scsi target2:0:0: asynchronous
[    3.724180] scsi 2:0:1:0: Direct-Access     VBOX     HARDDISK         1.0  PQ: 0 ANSI: 5
[    4.087456] scsi target2:0:1: Beginning Domain Validation
[    4.093982] scsi target2:0:1: Domain Validation skipping write tests
[    4.097356] scsi target2:0:1: Ending Domain Validation
[    4.100429] scsi target2:0:1: asynchronous
[    4.110651] sd 2:0:0:0: Attached scsi generic sg0 type 0
[    4.119420] sd 2:0:1:0: [sdb] 20480 512-byte logical blocks: (10.5 MB/10.0 MiB)
[    4.123752] sd 2:0:1:0: [sdb] Write Protect is off
[    4.126608] sd 2:0:0:0: [sda] 83886080 512-byte logical blocks: (42.9 GB/40.0 GiB)
[    4.131286] sd 2:0:1:0: Attached scsi generic sg1 type 0
[    4.134320] sd 2:0:0:0: [sda] Write Protect is off
[    4.137280] sd 2:0:1:0: [sdb] Incomplete mode parameter data
[    4.140665] sd 2:0:1:0: [sdb] Assuming drive cache: write through
[    4.142219] e1000 0000:00:08.0 eth1: (PCI:33MHz:32-bit) 08:00:27:83:a2:62
[    4.144349] sd 2:0:0:0: [sda] Incomplete mode parameter data
[    4.148131] e1000 0000:00:08.0 eth1: Intel(R) PRO/1000 Network Connection
[    4.151063] sd 2:0:0:0: [sda] Assuming drive cache: write through
[    4.163397]  sda: sda1
[    4.166984] sd 2:0:0:0: [sda] Attached SCSI disk
[    4.169829] sd 2:0:1:0: [sdb] Attached SCSI disk
[    4.666704] e1000 0000:00:09.0 eth2: (PCI:33MHz:32-bit) 08:00:27:2b:00:7f
[    4.671354] e1000 0000:00:09.0 eth2: Intel(R) PRO/1000 Network Connection
[    4.677470] e1000 0000:00:08.0 enp0s8: renamed from eth1
[    4.729718] e1000 0000:00:03.0 enp0s3: renamed from eth0
[    4.744509] e1000 0000:00:09.0 enp0s9: renamed from eth2
Begin: Loading essential drivers ... [    6.492375] raid6: sse2x1   gen() 17660 MB/s
[    6.540200] raid6: sse2x1   xor() 11542 MB/s
[    6.588079] raid6: sse2x2   gen() 23596 MB/s
[    6.636043] raid6: sse2x2   xor() 15792 MB/s
[    6.684798] raid6: sse2x4   gen() 25205 MB/s
[    6.732176] raid6: sse2x4   xor() 14494 MB/s
[    6.735042] raid6: using algorithm sse2x4 gen() 25205 MB/s
[    6.738078] raid6: .... xor() 14494 MB/s, rmw enabled
[    6.740728] raid6: using ssse3x2 recovery algorithm
[    6.745177] xor: measuring software checksum speed
[  218.670680] INFO: rcu_sched self-detected stall on CPU
[  218.670682] INFO: rcu_sched detected stalls on CPUs/tasks:
[  218.674130] 	1-...!: (2 ticks this GP) idle=fc6/140000000000001/0 softirq=983/984 fqs=2 
[  218.681792] 	 (t=52980 jiffies g=-171 c=-172 q=37)
[  218.681812] 	1-...!: (2 ticks this GP) idle=fc6/140000000000001/0 softirq=983/984 fqs=2 
[  218.684710] rcu_sched kthread starved for 52974 jiffies! g18446744073709551445 c18446744073709551444 f0x0 RCU_GP_WAIT_FQS(3) ->state=0x402 ->cpu=0
[  218.689066] 	(detected by 0, t=52980 jiffies, g=-171, c=-172, q=37)
[  218.696635] rcu_sched       I    0     8      2 0x80000000
[  218.700259] Sending NMI from CPU 0 to CPUs 1:
[  218.703631] Call Trace:
[  218.707123] NMI backtrace for cpu 1
[  218.707124] CPU: 1 PID: 284 Comm: modprobe Not tainted 4.15.0-208-generic #220-Ubuntu
[  218.707124] Hardware name: innotek GmbH VirtualBox/VirtualBox, BIOS VirtualBox 12/01/2006
[  218.707124] RIP: 0010:io_serial_out+0x1a/0x20
[  218.707124] RSP: 0018:ffff9eebffd03b00 EFLAGS: 00010002
[  218.707125] RAX: 000000000000005b RBX: ffffffff87716e60 RCX: 0000000000000000
[  218.707125] RDX: 00000000000003f8 RSI: 0000000000000000 RDI: ffffffff87716e60
[  218.707125] RBP: ffff9eebffd03b00 R08: 0000000000000000 R09: 0000000000000007
[  218.707125] R10: 0000000000000000 R11: ffffffff8756a80d R12: 000000000000005b
[  218.707126] R13: ffffffff8756a81b R14: ffffffff8756a801 R15: ffffffff87716e60
[  218.707126] FS:  00007f37de8b9540(0000) GS:ffff9eebffd00000(0000) knlGS:0000000000000000
[  218.707126] CS:  0010 DS: 0000 ES: 0000 CR0: 0000000080050033
[  218.707126] CR2: 000055ae440b4ad0 CR3: 0000000036aea003 CR4: 00000000000206e0
[  218.707126] Call Trace:
[  218.707127]  <IRQ>
[  218.707127]  serial8250_console_putchar+0x2d/0x40
[  218.707127]  ? wait_for_xmitr+0xb0/0xb0
[  218.707127]  uart_console_write+0x4c/0x60
[  218.707127]  serial8250_console_write+0x10a/0x2a0
[  218.707127]  ? msg_print_text+0x80/0x100
[  218.707128]  univ8250_console_write+0x21/0x30
[  218.707128]  console_unlock+0x3cf/0x560
[  218.707128]  vprintk_emit+0x134/0x2c0
[  218.707128]  vprintk_default+0x29/0x50
[  218.707128]  vprintk_func+0x47/0xc0
[  218.707129]  printk+0x52/0x6e
[  218.707129]  show_trace_log_lvl+0x8c/0x3d0
[  218.707129]  ? vprintk_default+0x29/0x50
[  218.707129]  ? vprintk_func+0x47/0xc0
[  218.707129]  show_stack+0x34/0x50
[  218.707129]  sched_show_task+0xfe/0x130
[  218.707130]  rcu_check_gp_kthread_starvation+0xad/0xc0
[  218.707130]  rcu_check_callbacks+0x6c5/0x8e0
[  218.707130]  ? tick_sched_do_timer+0x50/0x50
[  218.707130]  update_process_times+0x2f/0x60
[  218.707130]  tick_sched_handle+0x26/0x70
[  218.707130]  ? tick_sched_do_timer+0x42/0x50
[  218.707131]  tick_sched_timer+0x39/0x80
[  218.707131]  __hrtimer_run_queues+0xdf/0x230
[  218.707131]  hrtimer_interrupt+0x97/0x180
[  218.707131]  smp_apic_timer_interrupt+0x6f/0x140
[  218.707131]  apic_timer_interrupt+0x90/0xa0
[  218.707132]  </IRQ>
[  218.707132] RIP: 0010:do_xor_speed+0x4f/0xc9 [xor]
[  218.707132] RSP: 0018:ffffbf140037fc18 EFLAGS: 00010246 ORIG_RAX: ffffffffffffff11
[  218.707132] RAX: 0000000000000000 RBX: 000000000000fd5e RCX: ffff9eebf69095c0
[  218.707133] RDX: 00000000fffee1a5 RSI: ffff9eebf6add000 RDI: ffff9eebf690a980
[  218.707133] RBP: ffffbf140037fc50 R08: ffffffffc02a1680 R09: 0000000000000000
[  218.707133] R10: 0000000000000001 R11: ffffffff8613a0b0 R12: ffffffffc02a4080
[  218.707133] R13: 000000000000fd5e R14: 0000000000000004 R15: 00000000fffee1a5
[  218.707134]  ? vga_set_palette+0x180/0x180
[  218.707134]  ? xor_sse_3_pf64+0x260/0x260 [xor]
[  218.707134]  ? do_xor_speed+0x7d/0xc9 [xor]
[  218.707134]  calibrate_xor_blocks+0xc3/0xf37 [xor]
[  218.707134]  ? do_xor_speed+0xc9/0xc9 [xor]
[  218.707134]  do_one_initcall+0x52/0x1a0
[  218.707135]  ? _cond_resched+0x19/0x40
[  218.707135]  ? kmem_cache_alloc_trace+0x167/0x1d0
[  218.707135]  ? do_init_module+0x27/0x1f2
[  218.707135]  do_init_module+0x4f/0x1f2
[  218.707135]  load_module+0x1772/0x2000
[  218.707135]  ? ima_post_read_file+0x96/0xa0
[  218.707136]  SYSC_finit_module+0xfc/0x120
[  218.707136]  ? SYSC_finit_module+0xfc/0x120
[  218.707136]  SyS_finit_module+0xe/0x10
[  218.707136]  do_syscall_64+0x73/0x130
[  218.707136]  entry_SYSCALL_64_after_hwframe+0x59/0xbe
[  218.707137] RIP: 0033:0x7f37de3bc539
[  218.707137] RSP: 002b:00007fff506b4068 EFLAGS: 00000246 ORIG_RAX: 0000000000000139
[  218.707137] RAX: ffffffffffffffda RBX: 0000559a4151d700 RCX: 00007f37de3bc539
[  218.707137] RDX: 0000000000000000 RSI: 0000559a4050ccee RDI: 0000000000000005
[  218.707138] RBP: 0000559a4050ccee R08: 0000000000000000 R09: 0000559a4151ce00
[  218.707138] R10: 0000000000000005 R11: 0000000000000246 R12: 0000000000000000
[  218.707138] R13: 0000559a415245f0 R14: 0000000000060000 R15: 0000559a4151ce00
[  218.707138] Code: 55 48 89 e5 d3 e6 01 f2 ec 0f b6 c0 5d c3 0f 1f 00 0f 1f 44 00 00 0f b6 8f a1 00 00 00 89 d0 8b 57 08 55 48 89 e5 d3 e6 01 f2 ee <5d> c3 0f 1f 40 00 0f 1f 44 00 00 0f b6 87 a2 00 00 00 55 48 c7 
[  218.707146] rcu_sched kthread starved for 52974 jiffies! g18446744073709551445 c18446744073709551444 f0x0 RCU_GP_WAIT_FQS(3) ->state=0x402 ->cpu=0
[  218.708050]  __schedule+0x24e/0x890
[  218.709864] rcu_sched       I    0     8      2 0x80000000
[  218.714255]  schedule+0x2c/0x80
[  218.714257]  schedule_timeout+0x15d/0x370
[  218.718566] Call Trace:
[  218.721158]  ? __next_timer_interrupt+0xe0/0xe0
[  218.721161]  rcu_gp_kthread+0x53a/0x980
[  218.723753]  __schedule+0x24e/0x890
[  218.727766]  kthread+0x121/0x140
[  218.731353]  schedule+0x2c/0x80
[  218.735401]  ? rcu_note_context_switch+0x150/0x150
[  218.738895]  schedule_timeout+0x15d/0x370
[  218.743051]  ? kthread_create_worker_on_cpu+0x70/0x70
[  218.747115]  ? __next_timer_interrupt+0xe0/0xe0
[  218.750415]  ret_from_fork+0x1f/0x40
[  218.754089]  rcu_gp_kthread+0x53a/0x980
[  218.755767] NMI backtrace for cpu 1
[  218.756881]  kthread+0x121/0x140
[  218.760019] CPU: 1 PID: 284 Comm: modprobe Not tainted 4.15.0-208-generic #220-Ubuntu
[  218.762304]  ? rcu_note_context_switch+0x150/0x150
[  218.764717] Hardware name: innotek GmbH VirtualBox/VirtualBox, BIOS VirtualBox 12/01/2006
[  218.767206]  ? kthread_create_worker_on_cpu+0x70/0x70
[  218.769550] Call Trace:
[  218.771798]  ret_from_fork+0x1f/0x40
[  218.774212]  <IRQ>
[  218.994297]  dump_stack+0x6d/0x8b
[  218.996186]  nmi_cpu_backtrace+0x94/0xa0
[  218.998440]  ? lapic_can_unplug_cpu+0xb0/0xb0
[  219.000748]  nmi_trigger_cpumask_backtrace+0xe7/0x130
[  219.003501]  arch_trigger_cpumask_backtrace+0x19/0x20
[  219.006138]  rcu_dump_cpu_stacks+0xa3/0xd5
[  219.008437]  rcu_check_callbacks+0x6cd/0x8e0
[  219.010719]  ? tick_sched_do_timer+0x50/0x50
[  219.012975]  update_process_times+0x2f/0x60
[  219.015199]  tick_sched_handle+0x26/0x70
[  219.017395]  ? tick_sched_do_timer+0x42/0x50
[  219.019932]  tick_sched_timer+0x39/0x80
[  219.021992]  __hrtimer_run_queues+0xdf/0x230
[  219.024262]  hrtimer_interrupt+0x97/0x180
[  219.026445]  smp_apic_timer_interrupt+0x6f/0x140
[  219.028874]  apic_timer_interrupt+0x90/0xa0
[  219.031223]  </IRQ>
[  219.032551] RIP: 0010:do_xor_speed+0x4f/0xc9 [xor]
[  219.035086] RSP: 0018:ffffbf140037fc18 EFLAGS: 00010246 ORIG_RAX: ffffffffffffff11
[  219.039335] RAX: 0000000000000000 RBX: 000000000000fd5e RCX: ffff9eebf69095c0
[  219.043152] RDX: 00000000fffee1a5 RSI: ffff9eebf6add000 RDI: ffff9eebf690a980
[  219.046892] RBP: ffffbf140037fc50 R08: ffffffffc02a1680 R09: 0000000000000000
[  219.050564] R10: 0000000000000001 R11: ffffffff8613a0b0 R12: ffffffffc02a4080
[  219.054315] R13: 000000000000fd5e R14: 0000000000000004 R15: 00000000fffee1a5
[  219.057991]  ? vga_set_palette+0x180/0x180
[  219.060206]  ? xor_sse_3_pf64+0x260/0x260 [xor]
[  219.062825]  ? do_xor_speed+0x7d/0xc9 [xor]
[  219.065102]  calibrate_xor_blocks+0xc3/0xf37 [xor]
[  219.067782]  ? do_xor_speed+0xc9/0xc9 [xor]
[  219.070073]  do_one_initcall+0x52/0x1a0
[  219.072371]  ? _cond_resched+0x19/0x40
[  219.074833]  ? kmem_cache_alloc_trace+0x167/0x1d0
[  219.078013]  ? do_init_module+0x27/0x1f2
[  219.080269]  do_init_module+0x4f/0x1f2
[  219.082844]  load_module+0x1772/0x2000
[  219.085356]  ? ima_post_read_file+0x96/0xa0
[  219.087821]  SYSC_finit_module+0xfc/0x120
[  219.090185]  ? SYSC_finit_module+0xfc/0x120
[  219.092606]  SyS_finit_module+0xe/0x10
[  219.094791]  do_syscall_64+0x73/0x130
[  219.096932]  entry_SYSCALL_64_after_hwframe+0x59/0xbe
[  219.099770] RIP: 0033:0x7f37de3bc539
[  219.101880] RSP: 002b:00007fff506b4068 EFLAGS: 00000246 ORIG_RAX: 0000000000000139
[  219.106235] RAX: ffffffffffffffda RBX: 0000559a4151d700 RCX: 00007f37de3bc539
[  219.110228] RDX: 0000000000000000 RSI: 0000559a4050ccee RDI: 0000000000000005
[  219.114134] RBP: 0000559a4050ccee R08: 0000000000000000 R09: 0000559a4151ce00
[  219.118028] R10: 0000000000000005 R11: 0000000000000246 R12: 0000000000000000
[  219.121945] R13: 0000559a415245f0 R14: 0000000000060000 R15: 0000559a4151ce00
[  219.201153]    prefetch64-sse: 64900.000 MB/sec
[  219.329786]    generic_sse: 180094.000 MB/sec
[  219.332847] xor: using function: generic_sse (180094.000 MB/sec)
[  219.337913] async_tx: api initialized (async)
done.
Begin: Running /scripts/init-premount ... done.
Begin: Mounting root file system ... Begin: Running /scripts/local-top ... done.
Begin: Running /scripts/local-premount ... [  219.385601] Btrfs loaded, crc32c=crc32c-intel
Scanning for Btrfs filesystems
done.
Warning: fsck not present, so skipping root file system
[  219.420675] EXT4-fs (sda1): mounted filesystem with ordered data mode. Opts: (null)
done.
Begin: Running /scripts/local-bottom ... done.
Begin: Running /scripts/init-bottom ... done.
[  219.576319] ip_tables: (C) 2000-2006 Netfilter Core Team
[  219.588410] systemd[1]: systemd 237 running in system mode. (+PAM +AUDIT +SELINUX +IMA +APPARMOR +SMACK +SYSVINIT +UTMP +LIBCRYPTSETUP +GCRYPT +GNUTLS +ACL +XZ +LZ4 +SECCOMP +BLKID +ELFUTILS +KMOD -IDN2 +IDN -PCRE2 default-hierarchy=hybrid)
[  219.599952] systemd[1]: Detected virtualization oracle.
[  219.603001] systemd[1]: Detected architecture x86-64.

Welcome to [1mUbuntu 18.04.6 LTS[0m!

[  219.623924] systemd[1]: Set hostname to <ubuntu>.
[  219.630755] systemd[1]: Initializing machine ID from random generator.
[  219.634460] systemd[1]: Installed transient /etc/machine-id file.
[  219.843425] systemd[1]: Reached target Swap.
[[0;32m  OK  [0m] Reached target Swap.
[  219.849090] systemd[1]: Reached target User and Group Name Lookups.
[[0;32m  OK  [0m] Reached target User and Group Name Lookups.
[  219.861698] systemd[1]: Created slice System Slice.
[[0;32m  OK  [0m] Created slice System Slice.
[  219.866864] systemd[1]: Listening on Device-mapper event daemon FIFOs.
[[0;32m  OK  [0m] Listening on Device-mapper event daemon FIFOs.
[[0;32m  OK  [0m] Listening on Journal Socket.
         Starting Load Kernel Modules...
[[0;32m  OK  [0m] Listening on udev Kernel Socket.
         Mounting POSIX Message Queue File System...
         Mounting Kernel Debug File System...
[[0;32m  OK  [0m] Listening on Journal Socket (/dev/log).
         Starting Uncomplicated firewall...[  219.892725] Loading iSCSI transport class v2.0-870.

[[0;32m  OK  [0m] Reached target System Time Synchronized.
[[0;32m  OK  [0m] Listening on Network Service Netlink Socket.
[  219.902282] iscsi: registered transport (tcp)
[[0;32m  OK  [0m] Created slice User and Session Slice.
[[0;32m  OK  [0m] Reached target Slices.
[[0;32m  OK  [0m] Listening on /dev/initctl Compatibility Named Pipe.
         Starting Create list of required stâ€¦ce nodes for the current kernel...
         Mounting Huge Pages File System...
[[0;32m  OK  [0m] Listening on fsck to fsckd communication Socket.[  219.924754] iscsi: registered transport (iser)

         Starting File System Check on Root Device...
[[0;32m  OK  [0m] Reached target Mounting snaps.
[[0;32m  OK  [0m] Reached target Mounted snaps.
[[0;32m  OK  [0m] Started Forward Password Requests to Wall Directory Watch.
         Starting Set the console keyboard layout...
[[0;32m  OK  [0m] Created slice system-serial\x2dgetty.slice.
[[0;32m  OK  [0m] Listening on Journal Audit Socket.
[[0;32m  OK  [0m] Listening on LVM2 metadata daemon socket.
         Starting Monitoring of LVM2 mirrorsâ€¦ng dmeventd or progress polling...
[[0;32m  OK  [0m] Listening on LVM2 poll daemon socket.
[[0;32m  OK  [0m] Set up automount Arbitrary Executabâ€¦rmats File System Automount Point.
[[0;32m  OK  [0m] Listening on Syslog Socket.
         Starting Journal Service...
[[0;32m  OK  [0m] Listening on udev Control Socket.
         Starting udev Coldplug all Devices...
[[0;32m  OK  [0m] Started Load Kernel Modules.
[[0;32m  OK  [0m] Mounted POSIX Message Queue File System.
[[0;32m  OK  [0m] Mounted Kernel Debug File System.
[[0;32m  OK  [0m] Started Uncomplicated firewall.
[[0;32m  OK  [0m] Started Create list of required staâ€¦vice nodes for the current kernel.
[[0;32m  OK  [0m] Mounted Huge Pages File System.
[[0;32m  OK  [0m] Started File System Check on Root Device.
[[0;32m  OK  [0m] Started Journal Service.
[[0;32m  OK  [0m] Started File System Check Daemon to report status.
[[0;32m  OK  [0m] Started LVM2 metadata daemon.
         Starting Remount Root and Kernel File Systems...
         Starting Create Static Device Nodes in /dev...
         Mounting Kernel Configuration File System...
         Starting Apply Kernel Variables...
         Mounting FUSE Control File System...
[[0;32m  OK  [0m] Mounted Kernel Configuration File System.
[[0;32m  OK  [0m] Mounted FUSE Control File System.
[[0;32m  OK  [0m] Started udev Coldplug all Devices.
[[0;32m  OK  [0m] Started Create Static Device Nodes in /dev.
[[0;32m  OK  [0m] Started Remount Root and Kernel File Systems.
         Starting Flush Journal to Persistent Storage...
         Starting Load/Save Random Seed...
         Starting udev Kernel Device Manager...
[[0;32m  OK  [0m] Started Monitoring of LVM2 mirrors,â€¦sing dmeventd or progress polling.
[[0;32m  OK  [0m] Started Apply Kernel Variables.
[[0;32m  OK  [0m] Started Load/Save Random Seed.
[[0;32m  OK  [0m] Started udev Kernel Device Manager.
[[0;32m  OK  [0m] Started Flush Journal to Persistent Storage.
[[0;32m  OK  [0m] Found device /dev/ttyS0.
[[0;32m  OK  [0m] Listening on Load/Save RF Kill Switch Status /dev/rfkill Watch.
[[0;32m  OK  [0m] Started Set the console keyboard layout.
[[0;32m  OK  [0m] Reached target Local File Systems (Pre).
[[0;32m  OK  [0m] Reached target Local File Systems.
         Starting Commit a transient machine-id on disk...
         Starting Tell Plymouth To Write Out Runtime Data...
         Starting AppArmor initialization...
         Starting ebtables ruleset management...
         Starting Create Volatile Files and Directories...
         Starting Set console font and keymap...
[[0;32m  OK  [0m] Started Dispatch Password Requests to Console Directory Watch.
[[0;32m  OK  [0m] Reached target Local Encrypted Volumes.
[[0;32m  OK  [0m] Started Tell Plymouth To Write Out Runtime Data.
[[0;32m  OK  [0m] Started Create Volatile Files and Directories.
         Starting Update UTMP about System Boot/Shutdown...
[[0;32m  OK  [0m] Started Update UTMP about System Boot/Shutdown.
[[0;32m  OK  [0m] Started Commit a transient machine-id on disk.
[[0;32m  OK  [0m] Started ebtables ruleset management.
         Mounting Arbitrary Executable File Formats File System...
[[0;32m  OK  [0m] Mounted Arbitrary Executable File Formats File System.
[[0;32m  OK  [0m] Started AppArmor initialization.
         Starting Load AppArmor profiles managed internally by snapd...
         Starting Initial cloud-init job (pre-networking)...
[[0;32m  OK  [0m] Started Load AppArmor profiles managed internally by snapd.
[[0;32m  OK  [0m] Started Set console font and keymap.
[  222.487165] cloud-init[768]: Cloud-init v. 23.1.1-0ubuntu0~18.04.1 running 'init-local' at Thu, 13 Apr 2023 10:57:39 +0000. Up 222.24 seconds.
[[0;32m  OK  [0m] Started Initial cloud-init job (pre-networking).
[[0;32m  OK  [0m] Reached target Network (Pre).
         Starting Network Service...
[[0;32m  OK  [0m] Started Network Service.
         Starting Wait for Network to be Configured...
         Starting Network Name Resolution...
[[0;32m  OK  [0m] Started Network Name Resolution.
[[0;32m  OK  [0m] Reached target Network.
[[0;32m  OK  [0m] Reached target Host and Network Name Lookups.
[[0;32m  OK  [0m] Started Wait for Network to be Configured.
         Starting Initial cloud-init job (metadata service crawler)...
[  224.919799] cloud-init[920]: Cloud-init v. 23.1.1-0ubuntu0~18.04.1 running 'init' at Thu, 13 Apr 2023 10:57:42 +0000. Up 224.83 seconds.
[  224.924503] cloud-init[920]: ci-info: ++++++++++++++++++++++++++++++++++++++Net device info+++++++++++++++++++++++++++++++++++++++
[  224.928478] cloud-init[920]: ci-info: +--------+-------+----------------------------+---------------+--------+-------------------+
[  224.932594] cloud-init[920]: ci-info: | Device |   Up  |          Address           |      Mask     | Scope  |     Hw-Address    |
[  224.936632] cloud-init[920]: ci-info: +--------+-------+----------------------------+---------------+--------+-------------------+
[  224.940552] cloud-init[920]: ci-info: | enp0s3 |  True |         10.0.2.15          | 255.255.255.0 | global | 02:c6:32:08:e7:11 |
[  224.944626] cloud-init[920]: ci-info: | enp0s3 |  True | fe80::c6:32ff:fe08:e711/64 |       .       |  link  | 02:c6:32:08:e7:11 |
[  224.948522] cloud-init[920]: ci-info: | enp0s8 | False |             .              |       .       |   .    | 08:00:27:83:a2:62 |
[  224.952965] cloud-init[920]: ci-info: | enp0s9 | False |             .              |       .       |   .    | 08:00:27:2b:00:7f |
[  224.957259] cloud-init[920]: ci-info: |   lo   |  True |         127.0.0.1          |   255.0.0.0   |  host  |         .         |
[  224.959726] cloud-init[920]: ci-info: |   lo   |  True |          ::1/128           |       .       |  host  |         .         |
[  224.962280] cloud-init[920]: ci-info: +--------+-------+----------------------------+---------------+--------+-------------------+
[  224.964864] cloud-init[920]: ci-info: ++++++++++++++++++++++++++++Route IPv4 info+++++++++++++++++++++++++++++
[  224.967023] cloud-init[920]: ci-info: +-------+-------------+----------+-----------------+-----------+-------+
[  224.969202] cloud-init[920]: ci-info: | Route | Destination | Gateway  |     Genmask     | Interface | Flags |
[  224.971473] cloud-init[920]: ci-info: +-------+-------------+----------+-----------------+-----------+-------+
[  224.973629] cloud-init[920]: ci-info: |   0   |   0.0.0.0   | 10.0.2.2 |     0.0.0.0     |   enp0s3  |   UG  |
[  224.975787] cloud-init[920]: ci-info: |   1   |   10.0.2.0  | 0.0.0.0  |  255.255.255.0  |   enp0s3  |   U   |
[  224.978025] cloud-init[920]: ci-info: |   2   |   10.0.2.2  | 0.0.0.0  | 255.255.255.255 |   enp0s3  |   UH  |
[  224.980266] cloud-init[920]: ci-info: +-------+-------------+----------+-----------------+-----------+-------+
[  224.982399] cloud-init[920]: ci-info: +++++++++++++++++++Route IPv6 info+++++++++++++++++++
[  224.984139] cloud-init[920]: ci-info: +-------+-------------+---------+-----------+-------+
[  224.986117] cloud-init[920]: ci-info: | Route | Destination | Gateway | Interface | Flags |
[  224.987917] cloud-init[920]: ci-info: +-------+-------------+---------+-----------+-------+
[  224.989725] cloud-init[920]: ci-info: |   1   |  fe80::/64  |    ::   |   enp0s3  |   U   |
[  224.991673] cloud-init[920]: ci-info: |   3   |    local    |    ::   |   enp0s3  |   U   |
[  224.993501] cloud-init[920]: ci-info: |   4   |   ff00::/8  |    ::   |   enp0s3  |   U   |
[  224.995303] cloud-init[920]: ci-info: +-------+-------------+---------+-----------+-------+
[  225.585456] cloud-init[920]: Generating public/private rsa key pair.
[  225.587098] cloud-init[920]: Your identification has been saved in /etc/ssh/ssh_host_rsa_key.
[  225.589077] cloud-init[920]: Your public key has been saved in /etc/ssh/ssh_host_rsa_key.pub.
[  225.590908] cloud-init[920]: The key fingerprint is:
[  225.592333] cloud-init[920]: SHA256:2ESWiUkdtllqK9TCxgbvwrQ/T+KcfN1nY8s5Xg95gcU root@ubuntu-bionic
[  225.594462] cloud-init[920]: The key's randomart image is:
[  225.595708] cloud-init[920]: +---[RSA 2048]----+
[  225.596834] cloud-init[920]: |    ...+=+.      |
[  225.597979] cloud-init[920]: |     =o=+=    .  |
[  225.599076] cloud-init[920]: |    . O B      E |
[  225.600228] cloud-init[920]: |   o * * .    o  |
[  225.601372] cloud-init[920]: |    + + S    . . |
[  225.602497] cloud-init[920]: |     o .       ..|
[  225.603768] cloud-init[920]: |      + .. .  o o|
[  225.604901] cloud-init[920]: |     + *. . ..*=.|
[  225.606001] cloud-init[920]: |      =..    ==+.|
[  225.607140] cloud-init[920]: +----[SHA256]-----+
[  225.608287] cloud-init[920]: Generating public/private dsa key pair.
[  225.609719] cloud-init[920]: Your identification has been saved in /etc/ssh/ssh_host_dsa_key.
[  225.611586] cloud-init[920]: Your public key has been saved in /etc/ssh/ssh_host_dsa_key.pub.
[  225.613426] cloud-init[920]: The key fingerprint is:
[  225.614581] cloud-init[920]: SHA256:C1nhj/GaXcTkHMWjMEYcxqS2BVAusyzQbMrWQap5y20 root@ubuntu-bionic
[  225.616490] cloud-init[920]: The key's randomart image is:
[  225.617788] cloud-init[920]: +---[DSA 1024]----+
[  225.618887] cloud-init[920]: |    . .o+==.oo.  |
[  225.619975] cloud-init[920]: |   =   o =*= .o  |
[  225.621039] cloud-init[920]: |  o = o B..o=. . |
[  225.622127] cloud-init[920]: | + = o B B ..    |
[  225.623223] cloud-init[920]: |o = o = S o .    |
[  225.624428] cloud-init[920]: | + o . . = .     |
[  225.625680] cloud-init[920]: |  o E   + .      |
[  225.626781] cloud-init[920]: |   .             |
[  225.627879] cloud-init[920]: |                 |
[  225.628928] cloud-init[920]: +----[SHA256]-----+
[  225.630007] cloud-init[920]: Generating public/private ecdsa key pair.
[  225.631417] cloud-init[920]: Your identification has been saved in /etc/ssh/ssh_host_ecdsa_key.
[  225.633367] cloud-init[920]: Your public key has been saved in /etc/ssh/ssh_host_ecdsa_key.pub.
[  225.635283] cloud-init[920]: The key fingerprint is:
[  225.636453] cloud-init[920]: SHA256:ekYyuhT4QJmyZ0/tKkJE6tf09mTZTEiLimIeGb7QWHk root@ubuntu-bionic
[  225.638422] cloud-init[920]: The key's randomart image is:
[  225.639624] cloud-init[920]: +---[ECDSA 256]---+
[  225.640670] cloud-init[920]: |                 |
[  225.641701] cloud-init[920]: | . o     .       |
[  225.642698] cloud-init[920]: |+ +.    o o      |
[  225.643710] cloud-init[920]: |.*o.Eo . o .     |
[  225.644883] cloud-init[920]: |=+B.* * S =      |
[  225.646023] cloud-init[920]: |o@.B * B + o     |
[  225.647135] cloud-init[920]: |= = = + *        |
[  225.648292] cloud-init[920]: |.o.. o o .       |
[  225.649377] cloud-init[920]: | . .o            |
[  225.650514] cloud-init[920]: +----[SHA256]-----+
[  225.651625] cloud-init[920]: Generating public/private ed25519 key pair.
[  225.653080] cloud-init[920]: Your identification has been saved in /etc/ssh/ssh_host_ed25519_key.
[  225.655056] cloud-init[920]: Your public key has been saved in /etc/ssh/ssh_host_ed25519_key.pub.
[  225.656953] cloud-init[920]: The key fingerprint is:
[  225.658140] cloud-init[920]: SHA256:kgmUXduLwS6ePlZ2hwbuTE+Vc1pOg4v41sueGGIfW1w root@ubuntu-bionic
[  225.668627] cloud-init[920]: The key's randomart image is:
[  225.670097] cloud-init[920]: +--[ED25519 256]--+
[  225.671193] cloud-init[920]: |    .o ..        |
[  225.672373] cloud-init[920]: |   .. .. o       |
[  225.673760] cloud-init[920]: |    .   + .  o   |
[  225.674868] cloud-init[920]: |     . +.o .= =  |
[  225.675967] cloud-init[920]: |      =.So.+ OE. |
[  225.677162] cloud-init[920]: |     . +* *.+..  |
[  225.678225] cloud-init[920]: |      o*o*ooo    |
[  225.679338] cloud-init[920]: |     .o.oo+B..   |
[  225.680482] cloud-init[920]: |     ... .+.=.   |
[  225.681620] cloud-init[920]: +----[SHA256]-----+
[[0;32m  OK  [0m] Started Initial cloud-init job (metadata service crawler).
[[0;32m  OK  [0m] Reached target Cloud-config availability.
[[0;32m  OK  [0m] Reached target Network is Online.
[[0;32m  OK  [0m] Reached target Remote File Systems (Pre).
[[0;32m  OK  [0m] Reached target Remote File Systems.
         Starting Availability of block devices...
[[0;32m  OK  [0m] Reached target System Initialization.
[[0;32m  OK  [0m] Listening on UUID daemon activation socket.
[[0;32m  OK  [0m] Started ACPI Events Check.
[[0;32m  OK  [0m] Started Daily Cleanup of Temporary Directories.
[[0;32m  OK  [0m] Started Ubuntu Advantage Timer for running repeated jobs.
         Starting LXD - unix socket.
[[0;32m  OK  [0m] Listening on Open-iSCSI iscsid Socket.
[[0;32m  OK  [0m] Listening on cloud-init hotplug hook socket.
[[0;32m  OK  [0m] Started Discard unused blocks once a week.
[[0;32m  OK  [0m] Listening on ACPID Listen Socket.
         Starting Socket activation for snappy daemon.
[[0;32m  OK  [0m] Started Message of the Day.
[[0;32m  OK  [0m] Reached target Paths.
[[0;32m  OK  [0m] Started Daily apt download activities.
[[0;32m  OK  [0m] Started Daily apt upgrade and clean activities.
[[0;32m  OK  [0m] Reached target Timers.
[[0;32m  OK  [0m] Listening on D-Bus System Message Bus Socket.
[[0;32m  OK  [0m] Started Availability of block devices.
[[0;32m  OK  [0m] Listening on LXD - unix socket.
[[0;32m  OK  [0m] Listening on Socket activation for snappy daemon.
[[0;32m  OK  [0m] Reached target Sockets.
[[0;32m  OK  [0m] Reached target Basic System.
         Starting Login Service...
         Starting Accounts Service...
         Starting Snap Daemon...
[[0;32m  OK  [0m] Started Deferred execution scheduler.
[[0;32m  OK  [0m] Started Regular background program processing daemon.
         Starting LSB: Record successful boot for GRUB...
         Starting LXD - container startup/shutdown...
         Starting Pollinate to seed the pseudo random number generator...
[[0;32m  OK  [0m] Started FUSE filesystem for LXC.
[[0;32m  OK  [0m] Started irqbalance daemon.
[[0;32m  OK  [0m] Started D-Bus System Message Bus.
[[0;32m  OK  [0m] Started Login Service.
[[0;32m  OK  [0m] Started Unattended Upgrades Shutdown.
         Starting LSB: automatic crash report generation...
[[0;32m  OK  [0m] Reached target Login Prompts (Pre).
         Starting Permit User Sessions...
         Starting Virtualbox guest utils...
         Starting System Logging Service...
         Starting Dispatcher daemon for systemd-networkd...
[[0;32m  OK  [0m] Started LXD - container startup/shutdown.
[[0;32m  OK  [0m] Started Permit User Sessions.
         Starting Terminate Plymouth Boot Screen...
         Starting Hold until boot process finishes up...
[[0;32m  OK  [0m] Started Hold until boot process finishes up.
         Starting Set console scheme...
[[0;32m  OK  [0m] Started Serial Getty on ttyS0.
[[0;32m  OK  [0m] Started Terminate Plymouth Boot Screen.
[[0;32m  OK  [0m] Started LSB: automatic crash report generation.
[[0;32m  OK  [0m] Started Set console scheme.
[[0;32m  OK  [0m] Created slice system-getty.slice.
[[0;32m  OK  [0m] Started Getty on tty1.
[[0;32m  OK  [0m] Reached target Login Prompts.
         Starting Authorization Manager...
[[0;32m  OK  [0m] Started LSB: Record successful boot for GRUB.
[[0;32m  OK  [0m] Started Authorization Manager.
[[0;32m  OK  [0m] Started Accounts Service.
[[0;32m  OK  [0m] Started System Logging Service.
[[0;32m  OK  [0m] Started Virtualbox guest utils.
[[0;32m  OK  [0m] Started Dispatcher daemon for systemd-networkd.
[[0;32m  OK  [0m] Started Snap Daemon.
         Starting Wait until snapd is fully seeded...
         Starting Time & Date Service...
[[0;32m  OK  [0m] Started Time & Date Service.
[[0;32m  OK  [0m] Started Pollinate to seed the pseudo random number generator.
         Starting OpenBSD Secure Shell server...
[[0;32m  OK  [0m] Started OpenBSD Secure Shell server.
[[0;32m  OK  [0m] Created slice User Slice of vagrant.
         Starting User Manager for UID 1000...
[[0;32m  OK  [0m] Started Session 1 of user vagrant.
[[0;32m  OK  [0m] Started User Manager for UID 1000.
[  231.973683] cloud-init[1595]: Cloud-init v. 23.1.1-0ubuntu0~18.04.1 running 'modules:config' at Thu, 13 Apr 2023 10:57:48 +0000. Up 231.69 seconds.

Ubuntu 18.04.6 LTS ubuntu-bionic ttyS0

ubuntu-bionic login: ci-info: no authorized SSH keys fingerprints found for user ubuntu.
<14>Apr 13 10:57:49 cloud-init: #############################################################
<14>Apr 13 10:57:49 cloud-init: -----BEGIN SSH HOST KEY FINGERPRINTS-----
<14>Apr 13 10:57:49 cloud-init: 1024 SHA256:C1nhj/GaXcTkHMWjMEYcxqS2BVAusyzQbMrWQap5y20 root@ubuntu-bionic (DSA)
<14>Apr 13 10:57:49 cloud-init: 256 SHA256:ekYyuhT4QJmyZ0/tKkJE6tf09mTZTEiLimIeGb7QWHk root@ubuntu-bionic (ECDSA)
<14>Apr 13 10:57:49 cloud-init: 256 SHA256:kgmUXduLwS6ePlZ2hwbuTE+Vc1pOg4v41sueGGIfW1w root@ubuntu-bionic (ED25519)
<14>Apr 13 10:57:49 cloud-init: 2048 SHA256:2ESWiUkdtllqK9TCxgbvwrQ/T+KcfN1nY8s5Xg95gcU root@ubuntu-bionic (RSA)
<14>Apr 13 10:57:49 cloud-init: -----END SSH HOST KEY FINGERPRINTS-----
<14>Apr 13 10:57:49 cloud-init: #############################################################
-----BEGIN SSH HOST KEY KEYS-----
ecdsa-sha2-nistp256 AAAAE2VjZHNhLXNoYTItbmlzdHAyNTYAAAAIbmlzdHAyNTYAAABBBLc0eODExTR8gOYoPT9Y5GhRn7F1rNYSyzcA/5lnZTV8Z2Yrt0f93ZZg+Wmwl4dolvghpdWVmyviP8N5AvIM3Uw= root@ubuntu-bionic
ssh-ed25519 AAAAC3NzaC1lZDI1NTE5AAAAIAA3scAth7/4QWROAxC67yW6AVp1dem5k6pa4ijkfi+K root@ubuntu-bionic
ssh-rsa AAAAB3NzaC1yc2EAAAADAQABAAABAQDiaQJNRp50oBDq4rZYa7zSsCWe0ZLeWnH7532Za5n4KTZ2i5EVU9vguJ2xDW2KDnY5p10xInKoMoIJp93vZzF+316FBUIKXHKbJV7B9t40bKrl4urT3TTAoRMt/Q3Vun0ZlCKGvHHUl7c0Nh3NdGtdycwftxIb/17mCQebveksMzpWZRS0MdELuCh2YIMC7JpThldwdQLPa+I76L0O8/mZ1rJF59WF4BXerQhfG2eqSWK776Yd7pg5ZaA4hYnjLYn/XaZTLPF+1A8gMLMkU6Dkrjtcs3aLDZQEfrMZ43pIwMh37Yrn4vi+vnjMFYLlggMddLX9VjfrHgHBJzjc567n root@ubuntu-bionic
-----END SSH HOST KEY KEYS-----
[  232.438019] cloud-init[1717]: Cloud-init v. 23.1.1-0ubuntu0~18.04.1 running 'modules:final' at Thu, 13 Apr 2023 10:57:49 +0000. Up 232.28 seconds.
[  232.438116] cloud-init[1717]: Cloud-init v. 23.1.1-0ubuntu0~18.04.1 finished at Thu, 13 Apr 2023 10:57:49 +0000. Datasource DataSourceNoCloud [seed=/dev/sdb][dsmode=net].  Up 232.43 seconds
